[
	{
		"Course": "CSC 101 - Intro to CS",
		"Fall": "80 - loophole closed",
		"Green": "Diazh",
		"Notes": "",
		"Prev current instructors (starting with most recent)": "Diazh, O'Bagy, Anson",
		"Red": "Anson, O'Bagy",
		"Requirement": "",
		"Seminar interest": "",
		"Spring": "",
		"Yellow": "Ahmed"
	},
	{
		"Course": "CSC 110 - Intro to Comp Prog I",
		"Fall": "380 - 2 or 3 sections",
		"Green": "Yu, Ahmed",
		"Notes": "",
		"Prev current instructors (starting with most recent)": "Yu (2 sections in fall, 1 spring), Ahmed",
		"Red": "",
		"Requirement": "Foundation",
		"Seminar interest": "",
		"Spring": "250 - 1 or 2 sections",
		"Yellow": "Efrat, Lewis"
	},
	{
		"Course": "CSC 120 - Intro to Comp Prog II",
		"Fall": "240- 1 or 2 sections",
		"Green": "Lewis, Ahmed, O'Bagy",
		"Notes": "",
		"Prev current instructors (starting with most recent)": "O'Bagy (both semesters), Ahmed (both semesters), Lewis, Islam*, Debray",
		"Red": "",
		"Requirement": "Foundation",
		"Seminar interest": "",
		"Spring": "280 - 1 or 2 sections",
		"Yellow": "Surdeanu, Efrat, Debray"
	},
	{
		"Course": "CSC 144 - Discrete Math CS I",
		"Fall": "180 - 1 or 2 sections",
		"Green": "Lotz, McCann, Ahmed",
		"Notes": "",
		"Prev current instructors (starting with most recent)": "McCann, Ahmed, Anson, Uddin*, Ikumariegbe*, Lotz (both semesters)",
		"Red": "",
		"Requirement": "Foundation",
		"Seminar interest": "",
		"Spring": "220 - 1 or 2 sections",
		"Yellow": "Efrat, Yu, Erten, Anson, Lewis"
	},
	{
		"Course": "CSC 180* - Analyzing Data",
		"Fall": "?",
		"Green": "Diazh",
		"Notes": "",
		"Prev current instructors (starting with most recent)": "NA",
		"Red": "",
		"Requirement": "Foundation",
		"Seminar interest": "",
		"Spring": "?",
		"Yellow": "Pacheco, Anson, Ahmed"
	},
	{
		"Course": "CSC 210 -Software Dev",
		"Fall": "200 - 1 section",
		"Green": "Diazh, O'Bagy",
		"Notes": "",
		"Prev current instructors (starting with most recent)": "O'Bagy, Diazh, Lan*, Strout*, Anson",
		"Red": "",
		"Requirement": "Foundation",
		"Seminar interest": "",
		"Spring": "160 - 1 section",
		"Yellow": "Lewis, Ahmed"
	},
	{
		"Course": "CSC 244 - Discrete Math CS II",
		"Fall": "160 - 1 section",
		"Green": "Ahmed",
		"Notes": "",
		"Prev current instructors (starting with most recent)": "Erten, Ahmed (both semesters), Anson, Lotz",
		"Red": "",
		"Requirement": "Foundation",
		"Seminar interest": "",
		"Spring": "120 - 1 section",
		"Yellow": "Efrat, Yu, Lotz, Erten, McCann, Anson, Lewis"
	},
	{
		"Course": "CSC 252 - Comp Organization",
		"Fall": "140 - 1 section",
		"Green": "Lewis",
		"Notes": "",
		"Prev current instructors (starting with most recent)": "Diazh, Lewis",
		"Red": "",
		"Requirement": "CS Core",
		"Seminar interest": "",
		"Spring": "160 - 1 section",
		"Yellow": "Lowenthal, Diazh"
	},
	{
		"Course": "CSC 280* - Intro to AI",
		"Fall": "25? ",
		"Green": "Barnard, Diazh",
		"Notes": "",
		"Prev current instructors (starting with most recent)": "Barnard (co-teach w Blanco)",
		"Red": "",
		"Requirement": "AI Core",
		"Seminar interest": "",
		"Spring": "?",
		"Yellow": "Efrat, Pacheco, Blanco"
	},
	{
		"Course": "CSC 3XX* - Ethics in CS",
		"Fall": "?",
		"Green": "Diazh",
		"Notes": "",
		"Prev current instructors (starting with most recent)": "NA",
		"Red": "",
		"Requirement": "AI Core",
		"Seminar interest": "",
		"Spring": "?",
		"Yellow": ""
	},
	{
		"Course": "CSC 317 - Mobile App Prog",
		"Fall": "",
		"Green": "",
		"Notes": "- could teach either semester, if faculty ",
		"Prev current instructors (starting with most recent)": "NA",
		"Red": "",
		"Requirement": "300 level elective",
		"Seminar interest": "",
		"Spring": "",
		"Yellow": ""
	},
	{
		"Course": "CSC 335 - OOP and Design",
		"Fall": "150 - 1 section",
		"Green": "",
		"Notes": "",
		"Prev current instructors (starting with most recent)": "Lotz, Alam*",
		"Red": "Lotz",
		"Requirement": "CS Core",
		"Seminar interest": "",
		"Spring": "150 - 1 section",
		"Yellow": "Diazh"
	},
	{
		"Course": "CSC 337 - Web Programming",
		"Fall": "140 - 1 section",
		"Green": "Lewis, Ahmed",
		"Notes": "-could be one semester, but enrollment tends to be good overall",
		"Prev current instructors (starting with most recent)": "Ahmed, Lewis, Shakya*, Debray, Fischer*, ",
		"Red": "",
		"Requirement": "300 level elective",
		"Seminar interest": "",
		"Spring": "120 - 1 section",
		"Yellow": ""
	},
	{
		"Course": "CSC 343 - HCI",
		"Fall": "60 - 1 section",
		"Green": "",
		"Notes": "- could be either semester",
		"Prev current instructors (starting with most recent)": "NA",
		"Red": "",
		"Requirement": "CS Paradigms Elective",
		"Seminar interest": "",
		"Spring": "",
		"Yellow": ""
	},
	{
		"Course": "CSC 345 - Analysis of Discrete Struct",
		"Fall": "160- 1 section",
		"Green": "Efrat, McCann, Ahmed",
		"Notes": "",
		"Prev current instructors (starting with most recent)": "Kececioglu, McCann (both semesters), Lotz, Efrat, Anson, Ahmed, Lewis ",
		"Red": "",
		"Requirement": "AI/CS Core",
		"Seminar interest": "",
		"Spring": "160- 1 section",
		"Yellow": "Efrat, Kececioglu, Anson, Lewis"
	},
	{
		"Course": "CSC 346 -Cloud Comp",
		"Fall": "",
		"Green": "",
		"Notes": "-could be either semester",
		"Prev current instructors (starting with most recent)": "Newberry*, Fischer*, Lewis",
		"Red": "",
		"Requirement": "300 level elective",
		"Seminar interest": "",
		"Spring": "120 - 1 section",
		"Yellow": "Zhang B, Lewis"
	},
	{
		"Course": "CSC 350 - Fund of CS Theory",
		"Fall": "?",
		"Green": "",
		"Notes": "-not for CS majors; not sure at all",
		"Prev current instructors (starting with most recent)": "NA",
		"Red": "",
		"Requirement": "",
		"Seminar interest": "",
		"Spring": "?",
		"Yellow": "Giacobazzi, Efrat, Ahmed"
	},
	{
		"Course": "CSC 352 - Syst Prog and Unix",
		"Fall": "170- 1 section",
		"Green": "Anson",
		"Notes": "",
		"Prev current instructors (starting with most recent)": "Anson, O'Bagy, Barnard, Debray, McCann",
		"Red": "Barnard",
		"Requirement": "CS Core",
		"Seminar interest": "",
		"Spring": "160 - 1 section",
		"Yellow": "Collberg, Lowenthal, Efrat, Debray, Zhang B, Diazh, McCann, Lewis , O'Bagy"
	},
	{
		"Course": "CSC 355 - Disc Struct and Basic Algo",
		"Fall": "30 - multiple sections",
		"Green": "",
		"Notes": "- 345 ' course for ECE/SFWE",
		"Prev current instructors (starting with most recent)": "Saldana Jimenez",
		"Red": "",
		"Requirement": "",
		"Seminar interest": "",
		"Spring": "35 - multiple sections",
		"Yellow": ""
	},
	{
		"Course": "CSC 372 - Comp Prog Languages",
		"Fall": "80 - 1 section",
		"Green": "",
		"Notes": "- could be one semester, but enrollment has been good",
		"Prev current instructors (starting with most recent)": "Strout*, Lotz (spring), McCann, Collberg, Giacobazzi (fall)",
		"Red": "",
		"Requirement": "CS Paradigms Elective",
		"Seminar interest": "",
		"Spring": "80 - 1 section",
		"Yellow": "Collberg, Giacobazzi, McCann, O'Bagy"
	},
	{
		"Course": "CSC 380 - Princ of Data Science",
		"Fall": "120- 1 section",
		"Green": "Efrat, Pacheco, Yu",
		"Notes": "-BA changes impact",
		"Prev current instructors (starting with most recent)": "Zhang C, Erten (fall), Yu (spring), Jun, Pacheco",
		"Red": "",
		"Requirement": "AI/CS Core",
		"Seminar interest": "",
		"Spring": "100 - 1 section",
		"Yellow": "Cao, Zhang C ,Surdeanu, Jun, Barnard, Diazh, Erten"
	},
	{
		"Course": "CSC 382 - Soft Dev in C++",
		"Fall": "",
		"Green": "",
		"Notes": "- could teach either semester, if faculty ",
		"Prev current instructors (starting with most recent)": "NA",
		"Red": "",
		"Requirement": "300 level elective",
		"Seminar interest": "",
		"Spring": "",
		"Yellow": ""
	},
	{
		"Course": "CSC 422 - Intro Parallel and Dist Prog",
		"Fall": "",
		"Green": "Lowenthal",
		"Notes": "",
		"Prev current instructors (starting with most recent)": "Lowenthal",
		"Red": "",
		"Requirement": "CS Paradigms Elective",
		"Seminar interest": "",
		"Spring": "65 - 1 section",
		"Yellow": "Cao, Lewis"
	},
	{
		"Course": "CSC 425 - Comp Networking",
		"Fall": "",
		"Green": "Zhang B",
		"Notes": "",
		"Prev current instructors (starting with most recent)": "Zhang B",
		"Red": "",
		"Requirement": "400 level elective",
		"Seminar interest": "",
		"Spring": "",
		"Yellow": ""
	},
	{
		"Course": "CSC 433/533 - Comp Graphics",
		"Fall": "",
		"Green": "Efrat",
		"Notes": "-highly dependent on instructor IMO",
		"Prev current instructors (starting with most recent)": "Efrat, Levine, Barnard",
		"Red": "",
		"Requirement": "400 level elective / Applications (grad)",
		"Seminar interest": "",
		"Spring": "25 - co-convened",
		"Yellow": "Levine"
	},
	{
		"Course": "CSC 436 - Software Engineering",
		"Fall": "65 - 1 section",
		"Green": "Sethi",
		"Notes": "",
		"Prev current instructors (starting with most recent)": "Sethi",
		"Red": "",
		"Requirement": "400 level elective",
		"Seminar interest": "",
		"Spring": "",
		"Yellow": "Sethi"
	},
	{
		"Course": "CSC 437/537 - Geo Algorithms",
		"Fall": "40 - co-convened",
		"Green": "Efrat",
		"Notes": "",
		"Prev current instructors (starting with most recent)": "Efrat, Levine",
		"Red": "",
		"Requirement": "CS Theory and Writing Elective /Applications (grad)",
		"Seminar interest": "",
		"Spring": "",
		"Yellow": "Levine, Lotz"
	},
	{
		"Course": "CSC 444 - Data Visualization",
		"Fall": "65 - 1 section",
		"Green": "Levine",
		"Notes": "-could be higher (maybe)",
		"Prev current instructors (starting with most recent)": "Levine",
		"Red": "",
		"Requirement": "400 level elective",
		"Seminar interest": "",
		"Spring": "",
		"Yellow": "Yu, Ahmed"
	},
	{
		"Course": "CSC 445 - Algorithms",
		"Fall": "65 - 1 section",
		"Green": "Efrat, Kececioglu, Erten, Ahmed",
		"Notes": "",
		"Prev current instructors (starting with most recent)": "Erten, Efrat, Kececioglu (spring) , Lotz (fall)",
		"Red": "",
		"Requirement": "CS Theory and Writing Elective",
		"Seminar interest": "",
		"Spring": "65 - 1 section",
		"Yellow": "Lotz, Anson"
	},
	{
		"Course": "CSC 447/547 - Green Comp",
		"Fall": "",
		"Green": "",
		"Notes": "- could teach either semester, if faculty ",
		"Prev current instructors (starting with most recent)": "NA",
		"Red": "",
		"Requirement": "400 level elective / Applications (grad)",
		"Seminar interest": "",
		"Spring": "",
		"Yellow": ""
	},
	{
		"Course": "CSC 450- Algorithms in Bioinformatics",
		"Fall": "",
		"Green": "",
		"Notes": "- could teach either semester, if faculty ",
		"Prev current instructors (starting with most recent)": "Kececioglu",
		"Red": "",
		"Requirement": "CS Theory and Writing Elective",
		"Seminar interest": "",
		"Spring": "",
		"Yellow": "Kececioglu, Diazh"
	},
	{
		"Course": "CSC 452 - Princ of OS",
		"Fall": "75 - 1 section",
		"Green": "Lewis",
		"Notes": "",
		"Prev current instructors (starting with most recent)": "Lewis",
		"Red": "",
		"Requirement": "CS Systems Elective",
		"Seminar interest": "",
		"Spring": "75 - 1 section",
		"Yellow": "Zhang B"
	},
	{
		"Course": "CSC 453 - Compilers and Sys Soft",
		"Fall": "75 - 1 section",
		"Green": "Collberg, Debray",
		"Notes": "",
		"Prev current instructors (starting with most recent)": "Debray (fall), Sethi , Strout*, Collberg (spring)",
		"Red": "",
		"Requirement": "CS Systems Elective",
		"Seminar interest": "",
		"Spring": "75 - 1 section",
		"Yellow": "O'Bagy, Sethi"
	},
	{
		"Course": "CSC 460 - Database Design",
		"Fall": "65- 1 section",
		"Green": "Cao, McCann",
		"Notes": "",
		"Prev current instructors (starting with most recent)": "McCann (spring), Cao (fall)",
		"Red": "",
		"Requirement": "CS Paradigms Elective",
		"Seminar interest": "",
		"Spring": "65 - 1 section",
		"Yellow": "Diazh"
	},
	{
		"Course": "CSC 465 - Rev Engr vs Soft Protect",
		"Fall": "",
		"Green": "Collberg",
		"Notes": "",
		"Prev current instructors (starting with most recent)": "Collberg",
		"Red": "",
		"Requirement": "400 level elective",
		"Seminar interest": "",
		"Spring": "65 - 1 section",
		"Yellow": "Rahaman"
	},
	{
		"Course": "CSC 466 - Computer Security",
		"Fall": "20 - 1 section",
		"Green": "Collberg, Rahaman",
		"Notes": "-Sazz doesn't want to co-convene",
		"Prev current instructors (starting with most recent)": "Rahaman, Collberg",
		"Red": "",
		"Requirement": "400 level elective",
		"Seminar interest": "",
		"Spring": "",
		"Yellow": "Rahaman, Efrat, Lotz"
	},
	{
		"Course": "CSC 473 - Automata, Gramm, and Lang",
		"Fall": "65 - 1 section",
		"Green": "Giacobazzi, Debray, Lotz, Erten, Anson, Ahmed",
		"Notes": "-could teach in one semester, if needed",
		"Prev current instructors (starting with most recent)": "Anson (spring), Erten (fall), Sethi",
		"Red": "",
		"Requirement": "CS Theory and Writing Elective",
		"Seminar interest": "",
		"Spring": "65 - 1 section",
		"Yellow": "Efrat, Kececioglu, Debray, Lewis, Sethi"
	},
	{
		"Course": "CSC 477/577 - Intro Computer Vision",
		"Fall": "40- co-convened",
		"Green": "Barnard",
		"Notes": "",
		"Prev current instructors (starting with most recent)": "Barnard",
		"Red": "",
		"Requirement": "400 level elective / Applications (grad)",
		"Seminar interest": "",
		"Spring": "",
		"Yellow": "Jun, Pacheco"
	},
	{
		"Course": "CSC 480/580- Princ of ML",
		"Fall": "40- co-convened",
		"Green": "Zhang C, Jun, Pacheco",
		"Notes": "",
		"Prev current instructors (starting with most recent)": "Pacheco, Jun, Zhang C",
		"Red": "",
		"Requirement": "AI Core \u0026 CS 400 level elective/Applications (grad)",
		"Seminar interest": "",
		"Spring": "",
		"Yellow": "Surdeanu, Barnard, Blanco, Yu"
	},
	{
		"Course": "CSC 483/583 - Text Retr \u0026 Web Search",
		"Fall": "",
		"Green": "Surdeanu, Blanco",
		"Notes": "",
		"Prev current instructors (starting with most recent)": "Blanco (spring), Surdeanu",
		"Red": "",
		"Requirement": "400 level elective / Applications (grad)",
		"Seminar interest": "",
		"Spring": "65 - co-convened",
		"Yellow": ""
	},
	{
		"Course": "CSC 4XX* - AI Capstone",
		"Fall": "?",
		"Green": "",
		"Notes": "- first AI class started f24; could postpone until ay 27/28",
		"Prev current instructors (starting with most recent)": "NA",
		"Red": "",
		"Requirement": "AI Core",
		"Seminar interest": "",
		"Spring": "?",
		"Yellow": "Diazh"
	},
	{
		"Course": "CSC 520 - Princ Programming Lang",
		"Fall": "25 - 1 section",
		"Green": "Giacobazzi",
		"Notes": "",
		"Prev current instructors (starting with most recent)": "Giacobazzi, Strout*, Sethi, Collberg",
		"Red": "Collberg",
		"Requirement": "Applications elective ",
		"Seminar interest": "",
		"Spring": "",
		"Yellow": ""
	},
	{
		"Course": "CSC 522 - Parallel and Dist Prog",
		"Fall": "",
		"Green": "Lowenthal",
		"Notes": "",
		"Prev current instructors (starting with most recent)": "Lowenthal",
		"Red": "",
		"Requirement": "Applications elective ",
		"Seminar interest": "",
		"Spring": "",
		"Yellow": "Cao"
	},
	{
		"Course": "CSC 525 - Princ Comp Networking",
		"Fall": "25- 1 section",
		"Green": "Zhang B",
		"Notes": "",
		"Prev current instructors (starting with most recent)": "Zhang B",
		"Red": "",
		"Requirement": "Systems elective",
		"Seminar interest": "",
		"Spring": "",
		"Yellow": ""
	},
	{
		"Course": "CSC 535 - Probabilistic Graph Models",
		"Fall": "25 - 1 section",
		"Green": "Pacheco",
		"Notes": "",
		"Prev current instructors (starting with most recent)": "Pacheco, Barnard",
		"Red": "",
		"Requirement": "Applications elective ",
		"Seminar interest": "",
		"Spring": "",
		"Yellow": "Zhang C, Jun, Barnard"
	},
	{
		"Course": "CSC 536 - Software Engineering",
		"Fall": "",
		"Green": "Rahaman, Sethi",
		"Notes": "",
		"Prev current instructors (starting with most recent)": "Sethi",
		"Red": "",
		"Requirement": "Applications elective ",
		"Seminar interest": "",
		"Spring": "25- 1 section",
		"Yellow": "Giacobazzi, Rahaman, Sethi"
	},
	{
		"Course": "CSC 544 - Adv Data Visualization",
		"Fall": "",
		"Green": "Levine",
		"Notes": "",
		"Prev current instructors (starting with most recent)": "Levine",
		"Red": "",
		"Requirement": "Applications elective ",
		"Seminar interest": "",
		"Spring": "25 - 1 section",
		"Yellow": ""
	},
	{
		"Course": "CSC 545 - Dsgn + Analysis of Algorithms",
		"Fall": "25 - 1 section",
		"Green": "Efrat, Kececioglu",
		"Notes": "",
		"Prev current instructors (starting with most recent)": "Efrat, Kececioglu",
		"Red": "",
		"Requirement": "Theory elective",
		"Seminar interest": "",
		"Spring": "",
		"Yellow": "Zhang C, Erten, Ahmed"
	},
	{
		"Course": "CSC 550 - Algorithms in Bioinformatics",
		"Fall": "",
		"Green": "Kececioglu",
		"Notes": "- could teach either semester, if faculty ",
		"Prev current instructors (starting with most recent)": "Kececioglu",
		"Red": "",
		"Requirement": "Applications elective ",
		"Seminar interest": "",
		"Spring": "",
		"Yellow": ""
	},
	{
		"Course": "CSC 552 - Adv OS",
		"Fall": "",
		"Green": "Lewis",
		"Notes": "",
		"Prev current instructors (starting with most recent)": "Lewis",
		"Red": "",
		"Requirement": "Systems elective",
		"Seminar interest": "",
		"Spring": "20- 1 section",
		"Yellow": ""
	},
	{
		"Course": "CSC 553 - Princ of Compilation",
		"Fall": "15 - 1 section",
		"Green": "Debray",
		"Notes": "",
		"Prev current instructors (starting with most recent)": "Debray, Strout*, Collberg",
		"Red": "",
		"Requirement": "Systems elective",
		"Seminar interest": "",
		"Spring": "",
		"Yellow": "Collberg"
	},
	{
		"Course": "CSC 560 - Database Sys Implementation",
		"Fall": "",
		"Green": "Cao",
		"Notes": "",
		"Prev current instructors (starting with most recent)": "Cao, McCann",
		"Red": "",
		"Requirement": "Applications elective ",
		"Seminar interest": "",
		"Spring": "20 - 1 section",
		"Yellow": "McCann"
	},
	{
		"Course": "CSC 566 - Computer Security",
		"Fall": "",
		"Green": "Collberg, Rahaman",
		"Notes": "",
		"Prev current instructors (starting with most recent)": "Rahaman, Collberg",
		"Red": "",
		"Requirement": "Applications elective ",
		"Seminar interest": "",
		"Spring": "10- 1 section",
		"Yellow": "Rahaman, Efrat, Lotz"
	},
	{
		"Course": "CSC 573 - Theory of Computation",
		"Fall": "",
		"Green": "Giacobazzi, Anson",
		"Notes": "",
		"Prev current instructors (starting with most recent)": "Giacobazzi, Anson , Kececioglu",
		"Red": "",
		"Requirement": "Theory elective",
		"Seminar interest": "",
		"Spring": "20 -1 section",
		"Yellow": "Efrat, Kececioglu"
	},
	{
		"Course": "CSC 576 - Computer Architecture",
		"Fall": "",
		"Green": "",
		"Notes": "- could teach spring, for even dist, if faculty",
		"Prev current instructors (starting with most recent)": "",
		"Red": "",
		"Requirement": "Systems elective",
		"Seminar interest": "",
		"Spring": "",
		"Yellow": ""
	},
	{
		"Course": "CSC 585 - Algorithms for NLP",
		"Fall": "25 - 1 section",
		"Green": "Surdeanu, Blanco",
		"Notes": "",
		"Prev current instructors (starting with most recent)": "Blanco, Surdeanu",
		"Red": "",
		"Requirement": "Applications elective ",
		"Seminar interest": "",
		"Spring": "",
		"Yellow": ""
	},
	{
		"Course": "CSC 588 - ML Theory",
		"Fall": "",
		"Green": "Zhang C, Jun",
		"Notes": "",
		"Prev current instructors (starting with most recent)": "Jun, Zhang C",
		"Red": "",
		"Requirement": "Applications elective ",
		"Seminar interest": "",
		"Spring": "10 - 1 section",
		"Yellow": ""
	},
	{
		"Course": "600 level seminar",
		"Fall": "Kececioglu \n10 -1 section",
		"Green": "",
		"Notes": "",
		"Prev current instructors (starting with most recent)": "Surdeanu, Zhang C, Blanco, Pacheco, Cao, Jun, Barnard, Levine, Rahaman",
		"Red": "",
		"Requirement": "Core",
		"Seminar interest": "Giacobazzi, Cao, Zhang C, Rahaman, Levine, Kececioglu, Jun, Zhang B",
		"Spring": "10- 1 section",
		"Yellow": ""
	},
	{
		"Course": "New Undergrad course",
		"Fall": "",
		"Green": "Zhang C, Surdeanu, Ahmed",
		"Notes": "",
		"Prev current instructors (starting with most recent)": "NA",
		"Red": "",
		"Requirement": "",
		"Seminar interest": "",
		"Spring": "",
		"Yellow": "Lowenthal"
	},
	{
		"Course": "New Grad course",
		"Fall": "",
		"Green": "Kececioglu, Jun",
		"Notes": "",
		"Prev current instructors (starting with most recent)": "NA",
		"Red": "",
		"Requirement": "",
		"Seminar interest": "",
		"Spring": "",
		"Yellow": "Blanco, O'Bagy (501)"
	}
]