[
	{
		" name": " harry",
		" number": " 4",
		" size": " large",
		"color": "yellow"
	},
	{
		" name": " bill",
		" number": " 3",
		" size": " small",
		"color": "red"
	},
	{
		" name": " jenny",
		" number": " 5000000000",
		" size": " nosize",
		"color": "green"
	}
]